*** EVALUATION ***
PROGRAM "Proyecto_SOTR.abs"

*********************************************************************************************
TARGET SECTION
---------------------------------------------------------------------------------------------
Processor   : Freescale HC08
Memory Model: SMALL
File Format : ELF\DWARF 2.0
Linker      : SmartLinker V-5.0.53 Build 17146, May 27 2017

*********************************************************************************************
FILE SECTION
---------------------------------------------------------------------------------------------
Eventos_c.obj                           Model: SMALL,         Lang: ANSI-C,        Compiler Version: ANSI-C/cC++ Compiler for HC08 V-5.0.46 Build 17146, May 27 2017
Events_c.obj                            Model: SMALL,         Lang: ANSI-C,        Compiler Version: ANSI-C/cC++ Compiler for HC08 V-5.0.46 Build 17146, May 27 2017
Message_c.obj                           Model: SMALL,         Lang: ANSI-C,        Compiler Version: ANSI-C/cC++ Compiler for HC08 V-5.0.46 Build 17146, May 27 2017
Mutex_c.obj                             Model: SMALL,         Lang: ANSI-C,        Compiler Version: ANSI-C/cC++ Compiler for HC08 V-5.0.46 Build 17146, May 27 2017
Queue_c.obj                             Model: SMALL,         Lang: ANSI-C,        Compiler Version: ANSI-C/cC++ Compiler for HC08 V-5.0.46 Build 17146, May 27 2017
RTOS_c.obj                              Model: SMALL,         Lang: ANSI-C,        Compiler Version: ANSI-C/cC++ Compiler for HC08 V-5.0.46 Build 17146, May 27 2017
Semaforo_c.obj                          Model: SMALL,         Lang: ANSI-C,        Compiler Version: ANSI-C/cC++ Compiler for HC08 V-5.0.46 Build 17146, May 27 2017
main_c.obj                              Model: SMALL,         Lang: ANSI-C,        Compiler Version: ANSI-C/cC++ Compiler for HC08 V-5.0.46 Build 17146, May 27 2017
portable_c.obj                          Model: SMALL,         Lang: ANSI-C,        Compiler Version: ANSI-C/cC++ Compiler for HC08 V-5.0.46 Build 17146, May 27 2017
scheduller_c.obj                        Model: SMALL,         Lang: ANSI-C,        Compiler Version: ANSI-C/cC++ Compiler for HC08 V-5.0.46 Build 17146, May 27 2017
task_c.obj                              Model: SMALL,         Lang: ANSI-C,        Compiler Version: ANSI-C/cC++ Compiler for HC08 V-5.0.46 Build 17146, May 27 2017
start08_c.obj                           Model: SMALL,         Lang: ANSI-C,        Compiler Version: ANSI-C/cC++ Compiler for HC08 V-5.0.46 Build 17146, May 27 2017
ADC1_c.obj                              Model: SMALL,         Lang: ANSI-C,        Compiler Version: ANSI-C/cC++ Compiler for HC08 V-5.0.46 Build 17146, May 27 2017
Button_c.obj                            Model: SMALL,         Lang: ANSI-C,        Compiler Version: ANSI-C/cC++ Compiler for HC08 V-5.0.46 Build 17146, May 27 2017
Button_1_c.obj                          Model: SMALL,         Lang: ANSI-C,        Compiler Version: ANSI-C/cC++ Compiler for HC08 V-5.0.46 Build 17146, May 27 2017
ClockPin1_c.obj                         Model: SMALL,         Lang: ANSI-C,        Compiler Version: ANSI-C/cC++ Compiler for HC08 V-5.0.46 Build 17146, May 27 2017
Cpu_c.obj                               Model: SMALL,         Lang: ANSI-C,        Compiler Version: ANSI-C/cC++ Compiler for HC08 V-5.0.46 Build 17146, May 27 2017
DataPin1_c.obj                          Model: SMALL,         Lang: ANSI-C,        Compiler Version: ANSI-C/cC++ Compiler for HC08 V-5.0.46 Build 17146, May 27 2017
EI2C1_c.obj                             Model: SMALL,         Lang: ANSI-C,        Compiler Version: ANSI-C/cC++ Compiler for HC08 V-5.0.46 Build 17146, May 27 2017
GI2C1_c.obj                             Model: SMALL,         Lang: ANSI-C,        Compiler Version: ANSI-C/cC++ Compiler for HC08 V-5.0.46 Build 17146, May 27 2017
IO_Map_c.obj                            Model: SMALL,         Lang: ANSI-C,        Compiler Version: ANSI-C/cC++ Compiler for HC08 V-5.0.46 Build 17146, May 27 2017
LCD1_c.obj                              Model: SMALL,         Lang: ANSI-C,        Compiler Version: ANSI-C/cC++ Compiler for HC08 V-5.0.46 Build 17146, May 27 2017
Led1_c.obj                              Model: SMALL,         Lang: ANSI-C,        Compiler Version: ANSI-C/cC++ Compiler for HC08 V-5.0.46 Build 17146, May 27 2017
Led2_c.obj                              Model: SMALL,         Lang: ANSI-C,        Compiler Version: ANSI-C/cC++ Compiler for HC08 V-5.0.46 Build 17146, May 27 2017
Led_button_c.obj                        Model: SMALL,         Lang: ANSI-C,        Compiler Version: ANSI-C/cC++ Compiler for HC08 V-5.0.46 Build 17146, May 27 2017
MCUC1_c.obj                             Model: SMALL,         Lang: ANSI-C,        Compiler Version: ANSI-C/cC++ Compiler for HC08 V-5.0.46 Build 17146, May 27 2017
PWM_c.obj                               Model: SMALL,         Lang: ANSI-C,        Compiler Version: ANSI-C/cC++ Compiler for HC08 V-5.0.46 Build 17146, May 27 2017
Vectors_c.obj                           Model: SMALL,         Lang: ANSI-C,        Compiler Version: ANSI-C/cC++ Compiler for HC08 V-5.0.46 Build 17146, May 27 2017
WAIT1_c.obj                             Model: SMALL,         Lang: ANSI-C,        Compiler Version: ANSI-C/cC++ Compiler for HC08 V-5.0.46 Build 17146, May 27 2017
rtshc08.o (ansis.lib)                   Model: SMALL,         Lang: ANSI-C,        Compiler Version: ANSI-C/cC++ Compiler for HC08 V-5.0.46 Build 17146, May 27 2017
string.o (ansis.lib)                    Model: SMALL,         Lang: ANSI-C,        Compiler Version: ANSI-C/cC++ Compiler for HC08 V-5.0.46 Build 17146, May 27 2017

*********************************************************************************************
STARTUP SECTION
---------------------------------------------------------------------------------------------
Entry point: 0x3204 (_EntryPoint)
_startupData is allocated at 0x3356 and uses 6 Bytes
extern struct _tagStartup {
  unsigned nofZeroOut     1
  _Range   pZeroOut       0x60     3094
  _Copy    *toCopyDownBeg 0x5651
} _startupData;

*********************************************************************************************
SECTION-ALLOCATION SECTION
Section Name                    Size  Type     From       To       Segment
---------------------------------------------------------------------------------------------
.data                            662   R/W       0x60      0x2F5   RAM
.text                           8871     R     0x3364     0x560A   ROM
.rodata                            4     R     0x560B     0x560E   ROM
.rodata1                          66     R     0x560F     0x5650   ROM
.abs_section_0                     1   N/I        0x0        0x0   .absSeg0
.abs_section_1                     1   N/I        0x1        0x1   .absSeg1
.abs_section_2                     1   N/I        0x2        0x2   .absSeg2
.abs_section_3                     1   N/I        0x3        0x3   .absSeg3
.abs_section_4                     1   N/I        0x4        0x4   .absSeg4
.abs_section_5                     1   N/I        0x5        0x5   .absSeg5
.abs_section_6                     1   N/I        0x6        0x6   .absSeg6
.abs_section_7                     1   N/I        0x7        0x7   .absSeg7
.abs_section_8                     1   N/I        0x8        0x8   .absSeg8
.abs_section_9                     1   N/I        0x9        0x9   .absSeg9
.abs_section_a                     1   N/I        0xA        0xA   .absSeg10
.abs_section_b                     1   N/I        0xB        0xB   .absSeg11
.abs_section_c                     1   N/I        0xC        0xC   .absSeg12
.abs_section_d                     1   N/I        0xD        0xD   .absSeg13
.abs_section_10                    1   N/I       0x10       0x10   .absSeg14
.abs_section_11                    1   N/I       0x11       0x11   .absSeg15
.abs_section_12                    1   N/I       0x12       0x12   .absSeg16
.abs_section_13                    1   N/I       0x13       0x13   .absSeg17
.abs_section_18                    1   N/I       0x18       0x18   .absSeg18
.abs_section_19                    1   N/I       0x19       0x19   .absSeg19
.abs_section_1a                    1   N/I       0x1A       0x1A   .absSeg20
.abs_section_1b                    1   N/I       0x1B       0x1B   .absSeg21
.abs_section_1c                    1   N/I       0x1C       0x1C   .absSeg22
.abs_section_1d                    1   N/I       0x1D       0x1D   .absSeg23
.abs_section_1e                    1   N/I       0x1E       0x1E   .absSeg24
.abs_section_1f                    1   N/I       0x1F       0x1F   .absSeg25
.abs_section_20                    1   N/I       0x20       0x20   .absSeg26
.abs_section_25                    1   N/I       0x25       0x25   .absSeg27
.abs_section_28                    1   N/I       0x28       0x28   .absSeg28
.abs_section_2c                    1   N/I       0x2C       0x2C   .absSeg29
.abs_section_2d                    1   N/I       0x2D       0x2D   .absSeg30
.abs_section_2e                    1   N/I       0x2E       0x2E   .absSeg31
.abs_section_2f                    1   N/I       0x2F       0x2F   .absSeg32
.abs_section_30                    1   N/I       0x30       0x30   .absSeg33
.abs_section_35                    1   N/I       0x35       0x35   .absSeg34
.abs_section_38                    1   N/I       0x38       0x38   .absSeg35
.abs_section_3b                    1   N/I       0x3B       0x3B   .absSeg36
.abs_section_3c                    1   N/I       0x3C       0x3C   .absSeg37
.abs_section_3d                    1   N/I       0x3D       0x3D   .absSeg38
.abs_section_3e                    1   N/I       0x3E       0x3E   .absSeg39
.abs_section_3f                    1   N/I       0x3F       0x3F   .absSeg40
.abs_section_3000                  1   N/I     0x3000     0x3000   .absSeg41
.abs_section_3001                  1   N/I     0x3001     0x3001   .absSeg42
.abs_section_3004                  1   N/I     0x3004     0x3004   .absSeg43
.abs_section_3005                  1   N/I     0x3005     0x3005   .absSeg44
.abs_section_3006                  1   N/I     0x3006     0x3006   .absSeg45
.abs_section_3007                  1   N/I     0x3007     0x3007   .absSeg46
.abs_section_300c                  1   N/I     0x300C     0x300C   .absSeg47
.abs_section_300d                  1   N/I     0x300D     0x300D   .absSeg48
.abs_section_300e                  1   N/I     0x300E     0x300E   .absSeg49
.abs_section_300f                  1   N/I     0x300F     0x300F   .absSeg50
.abs_section_3010                  1   N/I     0x3010     0x3010   .absSeg51
.abs_section_3011                  1   N/I     0x3011     0x3011   .absSeg52
.abs_section_3012                  1   N/I     0x3012     0x3012   .absSeg53
.abs_section_3013                  1   N/I     0x3013     0x3013   .absSeg54
.abs_section_3014                  1   N/I     0x3014     0x3014   .absSeg55
.abs_section_3015                  1   N/I     0x3015     0x3015   .absSeg56
.abs_section_3016                  1   N/I     0x3016     0x3016   .absSeg57
.abs_section_3017                  1   N/I     0x3017     0x3017   .absSeg58
.abs_section_3018                  1   N/I     0x3018     0x3018   .absSeg59
.abs_section_3019                  1   N/I     0x3019     0x3019   .absSeg60
.abs_section_301a                  1   N/I     0x301A     0x301A   .absSeg61
.abs_section_301b                  1   N/I     0x301B     0x301B   .absSeg62
.abs_section_301c                  1   N/I     0x301C     0x301C   .absSeg63
.abs_section_301d                  1   N/I     0x301D     0x301D   .absSeg64
.abs_section_301e                  1   N/I     0x301E     0x301E   .absSeg65
.abs_section_301f                  1   N/I     0x301F     0x301F   .absSeg66
.abs_section_3020                  1   N/I     0x3020     0x3020   .absSeg67
.abs_section_3021                  1   N/I     0x3021     0x3021   .absSeg68
.abs_section_3022                  1   N/I     0x3022     0x3022   .absSeg69
.abs_section_3024                  1   N/I     0x3024     0x3024   .absSeg70
.abs_section_3025                  1   N/I     0x3025     0x3025   .absSeg71
.abs_section_3026                  1   N/I     0x3026     0x3026   .absSeg72
.abs_section_3027                  1   N/I     0x3027     0x3027   .absSeg73
.abs_section_3028                  1   N/I     0x3028     0x3028   .absSeg74
.abs_section_3029                  1   N/I     0x3029     0x3029   .absSeg75
.abs_section_302c                  1   N/I     0x302C     0x302C   .absSeg76
.abs_section_3030                  1   N/I     0x3030     0x3030   .absSeg77
.abs_section_3031                  1   N/I     0x3031     0x3031   .absSeg78
.abs_section_3038                  1   N/I     0x3038     0x3038   .absSeg79
.abs_section_3039                  1   N/I     0x3039     0x3039   .absSeg80
.abs_section_303a                  1   N/I     0x303A     0x303A   .absSeg81
.abs_section_303b                  1   N/I     0x303B     0x303B   .absSeg82
.abs_section_303c                  1   N/I     0x303C     0x303C   .absSeg83
.abs_section_303e                  1   N/I     0x303E     0x303E   .absSeg84
.abs_section_3040                  1   N/I     0x3040     0x3040   .absSeg85
.abs_section_3041                  1   N/I     0x3041     0x3041   .absSeg86
.abs_section_304a                  1   N/I     0x304A     0x304A   .absSeg87
.abs_section_304b                  1   N/I     0x304B     0x304B   .absSeg88
.abs_section_3050                  1   N/I     0x3050     0x3050   .absSeg89
.abs_section_3051                  1   N/I     0x3051     0x3051   .absSeg90
.abs_section_3052                  1   N/I     0x3052     0x3052   .absSeg91
.abs_section_3053                  1   N/I     0x3053     0x3053   .absSeg92
.abs_section_3054                  1   N/I     0x3054     0x3054   .absSeg93
.abs_section_3055                  1   N/I     0x3055     0x3055   .absSeg94
.abs_section_3056                  1   N/I     0x3056     0x3056   .absSeg95
.abs_section_3057                  1   N/I     0x3057     0x3057   .absSeg96
.abs_section_3058                  1   N/I     0x3058     0x3058   .absSeg97
.abs_section_3059                  1   N/I     0x3059     0x3059   .absSeg98
.abs_section_3068                  1   N/I     0x3068     0x3068   .absSeg99
.abs_section_306a                  1   N/I     0x306A     0x306A   .absSeg100
.abs_section_306b                  1   N/I     0x306B     0x306B   .absSeg101
.abs_section_3070                  1   N/I     0x3070     0x3070   .absSeg102
.abs_section_3071                  1   N/I     0x3071     0x3071   .absSeg103
.abs_section_3072                  1   N/I     0x3072     0x3072   .absSeg104
.abs_section_3073                  1   N/I     0x3073     0x3073   .absSeg105
.abs_section_3074                  1   N/I     0x3074     0x3074   .absSeg106
.abs_section_3075                  1   N/I     0x3075     0x3075   .absSeg107
.abs_section_3076                  1   N/I     0x3076     0x3076   .absSeg108
.abs_section_3077                  1   N/I     0x3077     0x3077   .absSeg109
.abs_section_3078                  1   N/I     0x3078     0x3078   .absSeg110
.abs_section_3079                  1   N/I     0x3079     0x3079   .absSeg111
.abs_section_307c                  1   N/I     0x307C     0x307C   .absSeg112
.abs_section_307d                  1   N/I     0x307D     0x307D   .absSeg113
.abs_section_307e                  1   N/I     0x307E     0x307E   .absSeg114
.abs_section_307f                  1   N/I     0x307F     0x307F   .absSeg115
.abs_section_3082                  1   N/I     0x3082     0x3082   .absSeg116
.abs_section_3083                  1   N/I     0x3083     0x3083   .absSeg117
.abs_section_3084                  1   N/I     0x3084     0x3084   .absSeg118
.abs_section_3085                  1   N/I     0x3085     0x3085   .absSeg119
.abs_section_3086                  1   N/I     0x3086     0x3086   .absSeg120
.abs_section_3087                  1   N/I     0x3087     0x3087   .absSeg121
.abs_section_308a                  1   N/I     0x308A     0x308A   .absSeg122
.abs_section_308b                  1   N/I     0x308B     0x308B   .absSeg123
.abs_section_308c                  1   N/I     0x308C     0x308C   .absSeg124
.abs_section_308d                  1   N/I     0x308D     0x308D   .absSeg125
.abs_section_308e                  1   N/I     0x308E     0x308E   .absSeg126
.abs_section_308f                  1   N/I     0x308F     0x308F   .absSeg127
.abs_section_3092                  1   N/I     0x3092     0x3092   .absSeg128
.abs_section_3093                  1   N/I     0x3093     0x3093   .absSeg129
.abs_section_3094                  1   N/I     0x3094     0x3094   .absSeg130
.abs_section_3095                  1   N/I     0x3095     0x3095   .absSeg131
.abs_section_3096                  1   N/I     0x3096     0x3096   .absSeg132
.abs_section_3097                  1   N/I     0x3097     0x3097   .absSeg133
.abs_section_3098                  1   N/I     0x3098     0x3098   .absSeg134
.abs_section_3099                  1   N/I     0x3099     0x3099   .absSeg135
.abs_section_309a                  1   N/I     0x309A     0x309A   .absSeg136
.abs_section_309b                  1   N/I     0x309B     0x309B   .absSeg137
.abs_section_309d                  1   N/I     0x309D     0x309D   .absSeg138
.abs_section_309f                  1   N/I     0x309F     0x309F   .absSeg139
.abs_section_30a0                  1   N/I     0x30A0     0x30A0   .absSeg140
.abs_section_30a1                  1   N/I     0x30A1     0x30A1   .absSeg141
.abs_section_30a2                  1   N/I     0x30A2     0x30A2   .absSeg142
.abs_section_30a3                  1   N/I     0x30A3     0x30A3   .absSeg143
.abs_section_30a8                  1   N/I     0x30A8     0x30A8   .absSeg144
.abs_section_30a9                  1   N/I     0x30A9     0x30A9   .absSeg145
.abs_section_30ac                  1   N/I     0x30AC     0x30AC   .absSeg146
.abs_section_30ad                  1   N/I     0x30AD     0x30AD   .absSeg147
.abs_section_30af                  1   N/I     0x30AF     0x30AF   .absSeg148
.abs_section_30b0                  1   N/I     0x30B0     0x30B0   .absSeg149
.abs_section_30b1                  1   N/I     0x30B1     0x30B1   .absSeg150
.abs_section_30b2                  1   N/I     0x30B2     0x30B2   .absSeg151
.abs_section_30b3                  1   N/I     0x30B3     0x30B3   .absSeg152
.abs_section_30b4                  1   N/I     0x30B4     0x30B4   .absSeg153
.abs_section_30b5                  1   N/I     0x30B5     0x30B5   .absSeg154
.abs_section_30b6                  1   N/I     0x30B6     0x30B6   .absSeg155
.abs_section_30b7                  1   N/I     0x30B7     0x30B7   .absSeg156
.abs_section_30b8                  1   N/I     0x30B8     0x30B8   .absSeg157
.abs_section_30b9                  1   N/I     0x30B9     0x30B9   .absSeg158
.abs_section_30ba                  1   N/I     0x30BA     0x30BA   .absSeg159
.abs_section_30bb                  1   N/I     0x30BB     0x30BB   .absSeg160
.abs_section_30bc                  1   N/I     0x30BC     0x30BC   .absSeg161
.abs_section_30bd                  1   N/I     0x30BD     0x30BD   .absSeg162
.abs_section_30be                  1   N/I     0x30BE     0x30BE   .absSeg163
.abs_section_30bf                  1   N/I     0x30BF     0x30BF   .absSeg164
.abs_section_30c0                  1   N/I     0x30C0     0x30C0   .absSeg165
.abs_section_30c5                  1   N/I     0x30C5     0x30C5   .absSeg166
.abs_section_30c8                  1   N/I     0x30C8     0x30C8   .absSeg167
.abs_section_30cb                  1   N/I     0x30CB     0x30CB   .absSeg168
.abs_section_30ce                  1   N/I     0x30CE     0x30CE   .absSeg169
.abs_section_30d1                  1   N/I     0x30D1     0x30D1   .absSeg170
.abs_section_30d4                  1   N/I     0x30D4     0x30D4   .absSeg171
.abs_section_30d9                  1   N/I     0x30D9     0x30D9   .absSeg172
.abs_section_30da                  1   N/I     0x30DA     0x30DA   .absSeg173
.abs_section_30db                  1   N/I     0x30DB     0x30DB   .absSeg174
.abs_section_30dc                  1   N/I     0x30DC     0x30DC   .absSeg175
.abs_section_30dd                  1   N/I     0x30DD     0x30DD   .absSeg176
.abs_section_30de                  1   N/I     0x30DE     0x30DE   .absSeg177
.abs_section_30df                  1   N/I     0x30DF     0x30DF   .absSeg178
.abs_section_30e0                  1   N/I     0x30E0     0x30E0   .absSeg179
.abs_section_30e2                  1   N/I     0x30E2     0x30E2   .absSeg180
.abs_section_30e3                  1   N/I     0x30E3     0x30E3   .absSeg181
.abs_section_30e4                  1   N/I     0x30E4     0x30E4   .absSeg182
.abs_section_30e5                  1   N/I     0x30E5     0x30E5   .absSeg183
.abs_section_30e6                  1   N/I     0x30E6     0x30E6   .absSeg184
.abs_section_30e7                  1   N/I     0x30E7     0x30E7   .absSeg185
.abs_section_30e8                  1   N/I     0x30E8     0x30E8   .absSeg186
.abs_section_30e9                  1   N/I     0x30E9     0x30E9   .absSeg187
.abs_section_30ec                  1   N/I     0x30EC     0x30EC   .absSeg188
.abs_section_30ed                  1   N/I     0x30ED     0x30ED   .absSeg189
.abs_section_30ee                  1   N/I     0x30EE     0x30EE   .absSeg190
.abs_section_30ef                  1   N/I     0x30EF     0x30EF   .absSeg191
.abs_section_30f0                  1   N/I     0x30F0     0x30F0   .absSeg192
.abs_section_30f1                  1   N/I     0x30F1     0x30F1   .absSeg193
.abs_section_30f2                  1   N/I     0x30F2     0x30F2   .absSeg194
.abs_section_30f3                  1   N/I     0x30F3     0x30F3   .absSeg195
.abs_section_30f4                  1   N/I     0x30F4     0x30F4   .absSeg196
.abs_section_30f5                  1   N/I     0x30F5     0x30F5   .absSeg197
.abs_section_30f6                  1   N/I     0x30F6     0x30F6   .absSeg198
.abs_section_30f7                  1   N/I     0x30F7     0x30F7   .absSeg199
.abs_section_30f8                  1   N/I     0x30F8     0x30F8   .absSeg200
.abs_section_30f9                  1   N/I     0x30F9     0x30F9   .absSeg201
.abs_section_30fa                  1   N/I     0x30FA     0x30FA   .absSeg202
.abs_section_30fb                  1   N/I     0x30FB     0x30FB   .absSeg203
.abs_section_30fc                  1   N/I     0x30FC     0x30FC   .absSeg204
.abs_section_30fd                  1   N/I     0x30FD     0x30FD   .absSeg205
.abs_section_30fe                  1   N/I     0x30FE     0x30FE   .absSeg206
.abs_section_30ff                  1   N/I     0x30FF     0x30FF   .absSeg207
.abs_section_e                     2   N/I        0xE        0xF   .absSeg208
.abs_section_14                    2   N/I       0x14       0x15   .absSeg209
.abs_section_16                    2   N/I       0x16       0x17   .absSeg210
.abs_section_21                    2   N/I       0x21       0x22   .absSeg211
.abs_section_23                    2   N/I       0x23       0x24   .absSeg212
.abs_section_26                    2   N/I       0x26       0x27   .absSeg213
.abs_section_29                    2   N/I       0x29       0x2A   .absSeg214
.abs_section_31                    2   N/I       0x31       0x32   .absSeg215
.abs_section_33                    2   N/I       0x33       0x34   .absSeg216
.abs_section_36                    2   N/I       0x36       0x37   .absSeg217
.abs_section_39                    2   N/I       0x39       0x3A   .absSeg218
.abs_section_3002                  2   N/I     0x3002     0x3003   .absSeg219
.abs_section_302a                  2   N/I     0x302A     0x302B   .absSeg220
.abs_section_3032                  2   N/I     0x3032     0x3033   .absSeg221
.abs_section_3034                  2   N/I     0x3034     0x3035   .absSeg222
.abs_section_3036                  2   N/I     0x3036     0x3037   .absSeg223
.abs_section_3060                  2   N/I     0x3060     0x3061   .absSeg224
.abs_section_3062                  2   N/I     0x3062     0x3063   .absSeg225
.abs_section_3064                  2   N/I     0x3064     0x3065   .absSeg226
.abs_section_3066                  2   N/I     0x3066     0x3067   .absSeg227
.abs_section_306c                  2   N/I     0x306C     0x306D   .absSeg228
.abs_section_306e                  2   N/I     0x306E     0x306F   .absSeg229
.abs_section_307a                  2   N/I     0x307A     0x307B   .absSeg230
.abs_section_3080                  2   N/I     0x3080     0x3081   .absSeg231
.abs_section_3088                  2   N/I     0x3088     0x3089   .absSeg232
.abs_section_3090                  2   N/I     0x3090     0x3091   .absSeg233
.abs_section_30a4                  2   N/I     0x30A4     0x30A5   .absSeg234
.abs_section_30a6                  2   N/I     0x30A6     0x30A7   .absSeg235
.abs_section_30c1                  2   N/I     0x30C1     0x30C2   .absSeg236
.abs_section_30c3                  2   N/I     0x30C3     0x30C4   .absSeg237
.abs_section_30c6                  2   N/I     0x30C6     0x30C7   .absSeg238
.abs_section_30c9                  2   N/I     0x30C9     0x30CA   .absSeg239
.abs_section_30cc                  2   N/I     0x30CC     0x30CD   .absSeg240
.abs_section_30cf                  2   N/I     0x30CF     0x30D0   .absSeg241
.abs_section_30d2                  2   N/I     0x30D2     0x30D3   .absSeg242
.abs_section_30d5                  2   N/I     0x30D5     0x30D6   .absSeg243
.abs_section_30d7                  2   N/I     0x30D7     0x30D8   .absSeg244
.abs_section_ffb0                 80     R     0xFFB0     0xFFFF   .absSeg245
.bss                              53   R/W      0x2F6      0x32A   RAM
.startData                        14     R     0x3356     0x3363   ROM
.init                            342     R     0x3200     0x3355   ROM
.common                         2379   R/W      0x32B      0xC75   RAM
.stack                           100   R/W      0xC76      0xCD9   RAM
.copy                            589     R     0x5651     0x589D   ROM

Summary of section sizes per section type:
READ_ONLY (R):        26EE (dec:     9966)
READ_WRITE (R/W):      C7A (dec:     3194)
NO_INIT (N/I):         11A (dec:      282)

*********************************************************************************************
VECTOR-ALLOCATION SECTION
    Address     InitValue   InitFunction
---------------------------------------------------------------------------------------------

*********************************************************************************************
OBJECT-ALLOCATION SECTION
     Name               Module                 Addr   hSize   dSize     Ref    Section   RLIB
---------------------------------------------------------------------------------------------
MODULE:                 -- Eventos_c.obj --
- PROCEDURES:
     Event_Init                                3364      21      33       1   .text       
     Event_Set                                 3385     121     289       6   .text       
- VARIABLES:
MODULE:                 -- Events_c.obj --
- PROCEDURES:
     ADC1_OnEnd                                34A6       1       1       2   .text       
     EI2C1_OnTxChar                            34A7       1       1       1   .text       
     EI2C1_OnNACK                              34A8       1       1       1   .text       
- VARIABLES:
MODULE:                 -- Message_c.obj --
- PROCEDURES:
     Message_Init                              34A9     168     360      11   .text       
     Message_GetMsgUsedCount                   3611      25      37       1   .text       
     Message_Send                              3636     109     265       4   .text       
     Message_Receive                           373F     109     265       4   .text       
- VARIABLES:
MODULE:                 -- Mutex_c.obj --
- PROCEDURES:
     Mutex_Init                                3848      28      40       1   .text       
     Mutex_Take                                3870      70     112       1   .text       
     Mutex_Give                                38E0      89     137       1   .text       
- VARIABLES:
MODULE:                 -- Queue_c.obj --
- PROCEDURES:
     Queue_Init                                3969      24      36       9   .text       
     Queue_GetCount                            398D       B      11       7   .text       
     Queue_Enqueue                             3998      63      99      11   .text       
     Queue_Dequeue                             39FB      7F     127       9   .text       
     Queue_Copy                                3A7A      52      82       2   .text       
- VARIABLES:
MODULE:                 -- RTOS_c.obj --
- PROCEDURES:
     RTOS_IdleTask                             3ACC       2       2       1   .text       
     RTOS_Init                                 3ACE      16      22       1   .text       
     RTOS_Start                                3AE4      22      34       1   .text       
     RTOS_CreateIdleTask                       3B06      7D     125       1   .text       
- VARIABLES:
     STRING.Idle.Task.1                        560F       A      10       1   .rodata1    
     IdleTaskHandler                            32B      19      25      15   .common     
     IdleTaskStack                              344      40      64       4   .common     
MODULE:                 -- Semaforo_c.obj --
- PROCEDURES:
     Semaforo_Init                             3B83      46      70       1   .text       
     Semaforo_Take                             3BC9      7C     124       1   .text       
     Semaforo_Give                             3C45      96     150       1   .text       
- VARIABLES:
MODULE:                 -- main_c.obj --
- PROCEDURES:
     IntToChar1                                3CDB       4       4       2   .text       
     main                                      3CDF     15C     348       1   .text       
     FuncionTarea1                             3E3B      58      88       1   .text       
     FuncionTarea2                             3E93      10      16       1   .text       
     FuncionTarea3                             3EA3      1B      27       1   .text       
     FuncionTarea4                             3EBE     10D     269       3   .text       
     FuncionTareaPong                          3FCB     661    1633      89   .text       
     FuncionTareaSemaforo                      462C      13      19       1   .text       
     FuncionTareaEvento                        463F      47      71       1   .text       
- VARIABLES:
     STRING.Tarea.1.1                          5619       8       8       1   .rodata1    
     STRING.Tarea.2.2                          5621       8       8       1   .rodata1    
     STRING.Tarea.3.3                          5629       8       8       1   .rodata1    
     STRING.Tarea.4.4                          5631       8       8       1   .rodata1    
     STRING.Tarea.5.5                          5639       8       8       1   .rodata1    
     STRING.Tarea.6.6                          5641       8       8       1   .rodata1    
     STRING.Tarea.7.7                          5649       8       8       1   .rodata1    
     dx                                          60       2       2       8   .data       
     dy                                          62       2       2      11   .data       
     H                                           64       2       2       3   .data       
     V                                           66       2       2       3   .data       
     LeftRaqX                                    68       2       2       3   .data       
     RightRaqX                                   6A       2       2       3   .data       
     RightRaqY                                   6C       2       2       7   .data       
     flag_x                                     2F6       2       2      10   .bss        
     flag_y                                     2F8       2       2       9   .bss        
     count_1                                    2FA       2       2       1   .bss        
     count_2                                    2FC       2       2       1   .bss        
     flag_delete                                2FE       2       2       4   .bss        
     i                                          384       2       2      48   .common     
     j                                          386       2       2      39   .common     
     ball_x                                     388       2       2      13   .common     
     ball_y                                     38A       2       2      16   .common     
     LeftRaqY                                   38C       2       2       7   .common     
     jugador1                                   38E       2       2       3   .common     
     jugador2                                   390       2       2       3   .common     
     punt1                                      392       1       1       2   .common     
     punt2                                      393       1       1       2   .common     
     Pot_player1                                394       2       2       6   .common     
     Pot_player2                                396       2       2       6   .common     
     value_p1                                   398       2       2       1   .common     
     value_p2                                   39A       2       2       1   .common     
     Tarea1                                     39C      19      25       1   .common     
     Tarea2                                     3B5      19      25       1   .common     
     Tarea3                                     3CE      19      25       1   .common     
     Tarea4                                     3E7      19      25       1   .common     
     Tarea5                                     400      19      25       1   .common     
     Tarea6                                     419      19      25       1   .common     
     Tarea7                                     432      19      25       1   .common     
     Tarea1Stack                                44B      40      64       1   .common     
     Tarea2Stack                                48B      40      64       1   .common     
     Tarea3Stack                                4CB      40      64       1   .common     
     Tarea4Stack                                50B      40      64       1   .common     
     Tarea5Stack                                54B      80     128       1   .common     
     Tarea6Stack                                5CB      40      64       1   .common     
     Tarea7Stack                                60B      40      64       1   .common     
     SemTest                                    64B       A      10       3   .common     
     MutexTest                                  655       7       7       3   .common     
     EventTest                                  65C       7       7       5   .common     
     Message                                    663      20      32       4   .common     
     MsgPoll                                    683     1B8     440       1   .common     
MODULE:                 -- portable_c.obj --
- PROCEDURES:
     Portable_InitTaskContext                  4686      6E     110       2   .text       
     Portable_RestoreManualContext             46F4       A      10       1   .text       
     Portable_InitTickRTC                      46FE      1B      27       1   .text       
     Portable_DisableInterrupts                4719       6       6      13   .text       
     Portable_EnableInterrupts                 471F      10      16      12   .text       
     ISR_SoftwareInterrupt                     472F      21      33       1   .text       
     ISR_TimerInterrupt                        4750      2D      45       1   .text       
- VARIABLES:
     CriticalNesting                            300       1       1      13   .bss        
     CurrentStackPtr                            83B       2       2       7   .common     
MODULE:                 -- scheduller_c.obj --
- PROCEDURES:
     Scheduller_Init                           477D      31      49       1   .text       
     Scheduller_Coperative                     47AE      C7     199       3   .text       
     Scheduller_SetTaskToReadyQueue            4875      59      89      10   .text       
- VARIABLES:
     ReadyTaskList                              83D      30      48       8   .common     
MODULE:                 -- task_c.obj --
- PROCEDURES:
     Task_GetActualTask                        48CE       4       4       9   .text       
     Task_Init                                 48D2       6       6       1   .text       
     Task_SetActualTask                        48D8       4       4       1   .text       
     Task_Create                               48DC      E8     232      12   .text       
     Task_CheckStack                           49C4      4D      77       1   .text       
     Task_Sleep                                4A11      7B     123       8   .text       
     Task_DecrementTimers                      4A8C      80     128       1   .text       
- VARIABLES:
     ActualTask                                 301       2       2       2   .bss        
     TimeBlockedTaskQueue                       86D       6       6       4   .common     
MODULE:                 -- start08_c.obj --
- PROCEDURES:
     loadByte                                  4B0C       E      14       5   .text       
     Init                                      4B1A      6D     109       1   .text       
     _Startup                                  4B87       9       9       1   .text       
- VARIABLES:
     _startupData                              3356       6       6       4   .startData  
- LABELS:
     __SEG_END_SSTACK                           CDA       0       0       1               
MODULE:                 -- ADC1_c.obj --
- PROCEDURES:
     ADC1_Interrupt                            4B90      5D      93       1   .text       
     ClrSumV                                   4BED       8       8       1   .text       
     ADC1_HWEnDi                               4BF5      35      53       1   .text       
     ADC1_Measure                              4C2A      1E      30       1   .text       
     ADC1_GetChanValue8                        4C48      29      41       2   .text       
     ADC1_Init                                 4C71      12      18       1   .text       
- VARIABLES:
     Table                                     560B       2       2       3   .rodata     
     Channels                                  560D       2       2       2   .rodata     
     OutFlg                                     303       1       1       8   .bss        
     SumChan                                    304       1       1      11   .bss        
     ModeFlg                                    305       1       1      10   .bss        
     ADC1_OutV                                  873       2       2       6   .common     
MODULE:                 -- Button_c.obj --
- PROCEDURES:
     Button_GetVal                             4C83       5       5       1   .text       
- VARIABLES:
MODULE:                 -- Button_1_c.obj --
- PROCEDURES:
     Button_1_GetVal                           4C88       5       5       1   .text       
- VARIABLES:
MODULE:                 -- ClockPin1_c.obj --
- PROCEDURES:
     ClockPin1_GetVal                          4C8D       5       5       2   .text       
     ClockPin1_ClrVal                          4C92       3       3       2   .text       
     ClockPin1_SetDir                          4C95      24      36       7   .text       
- VARIABLES:
MODULE:                 -- Cpu_c.obj --
- PROCEDURES:
     Cpu_Interrupt                             3200       4       4      36   .init       
     _EntryPoint                               3204      61      97       1   .init       
     PE_low_level_init                         3265      F1     241       1   .init       
- VARIABLES:
     CCR_lock                                   875       1       1       1   .common     
MODULE:                 -- DataPin1_c.obj --
- PROCEDURES:
     DataPin1_GetVal                           4CB9       5       5       1   .text       
     DataPin1_ClrVal                           4CBE       3       3       4   .text       
     DataPin1_SetDir                           4CC1      24      36       9   .text       
- VARIABLES:
MODULE:                 -- EI2C1_c.obj --
- PROCEDURES:
     Delay                                     4CE5       2       2       8   .text       
     EI2C1_Init                                4CE7       6       6       1   .text       
     Write                                     4CED      54      84       2   .text       
     GetAck                                    4D41      2E      46       2   .text       
     InternalStop                              4D6F      13      19       1   .text       
     EI2C1_SendBlock                           4D82      9E     158       1   .text       
     EI2C1_SendStop                            4E20      15      21       2   .text       
     EI2C1_SelectSlave                         4E35       6       6       1   .text       
- VARIABLES:
     SlaveAddr                                  306       1       1       3   .bss        
MODULE:                 -- GI2C1_c.obj --
- PROCEDURES:
     GI2C1_RequestBus                          4E3B       1       1       1   .text       
     GI2C1_ReleaseBus                          4E3C       1       1       2   .text       
     GI2C1_SelectSlave                         4E3D      11      17       1   .text       
     GI2C1_UnselectSlave                       4E4E       4       4       1   .text       
     GI2C1_WriteAddress                        4E52      C0     192       4   .text       
     GI2C1_Init                                4F12       1       1       1   .text       
     GI2C1_WriteByteAddress8                   4F13      1A      26       2   .text       
- VARIABLES:
     writeBuf.1                                 307      20      32       3   .bss        
MODULE:                 -- IO_Map_c.obj --
- PROCEDURES:
- VARIABLES:
     _PORT_PTAD                                   0       1       1       6   .abs_section_0
     _PORT_PTBD                                   1       1       1       1   .abs_section_1
     _PORT_PTCD                                   2       1       1       0   .abs_section_2
     _PORT_PTDD                                   3       1       1       4   .abs_section_3
     _PORT_PTED                                   4       1       1       1   .abs_section_4
     _PORT_PTFD                                   5       1       1       0   .abs_section_5
     _PORT_PTGD                                   6       1       1       4   .abs_section_6
     _PORT_PTHD                                   7       1       1       3   .abs_section_7
     _TSI_CS0                                     8       1       1       0   .abs_section_8
     _TSI_CS1                                     9       1       1       0   .abs_section_9
     _TSI_CS2                                     A       1       1       0   .abs_section_a
     _TSI_CS3                                     B       1       1       0   .abs_section_b
     _TSI_PEN0                                    C       1       1       0   .abs_section_c
     _TSI_PEN1                                    D       1       1       0   .abs_section_d
     _ADC_SC1                                    10       1       1       3   .abs_section_10
     _ADC_SC2                                    11       1       1       1   .abs_section_11
     _ADC_SC3                                    12       1       1       1   .abs_section_12
     _ADC_SC4                                    13       1       1       1   .abs_section_13
     _MTIM0_SC                                   18       1       1       0   .abs_section_18
     _MTIM0_CLK                                  19       1       1       0   .abs_section_19
     _MTIM0_CNT                                  1A       1       1       0   .abs_section_1a
     _MTIM0_MOD                                  1B       1       1       0   .abs_section_1b
     _MTIM1_SC                                   1C       1       1       0   .abs_section_1c
     _MTIM1_CLK                                  1D       1       1       0   .abs_section_1d
     _MTIM1_CNT                                  1E       1       1       0   .abs_section_1e
     _MTIM1_MOD                                  1F       1       1       0   .abs_section_1f
     _FTM0_SC                                    20       1       1       0   .abs_section_20
     _FTM0_C0SC                                  25       1       1       0   .abs_section_25
     _FTM0_C1SC                                  28       1       1       0   .abs_section_28
     _ACMP_CS                                    2C       1       1       0   .abs_section_2c
     _ACMP_C0                                    2D       1       1       0   .abs_section_2d
     _ACMP_C1                                    2E       1       1       0   .abs_section_2e
     _ACMP_C2                                    2F       1       1       0   .abs_section_2f
     _FTM1_SC                                    30       1       1       0   .abs_section_30
     _FTM1_C0SC                                  35       1       1       0   .abs_section_35
     _FTM1_C1SC                                  38       1       1       0   .abs_section_38
     _IRQ_SC                                     3B       1       1       0   .abs_section_3b
     _KBI0_SC                                    3C       1       1       0   .abs_section_3c
     _KBI1_SC                                    3D       1       1       0   .abs_section_3d
     _IPC_SC                                     3E       1       1       3   .abs_section_3e
     _IPC_IPMPS                                  3F       1       1       0   .abs_section_3f
     _SYS_SRS                                  3000       1       1       0   .abs_section_3000
     _SYS_SBDFR                                3001       1       1       0   .abs_section_3001
     _SYS_SOPT1                                3004       1       1       2   .abs_section_3004
     _SYS_SOPT2                                3005       1       1       0   .abs_section_3005
     _SYS_SOPT3                                3006       1       1       1   .abs_section_3006
     _SYS_SOPT4                                3007       1       1       0   .abs_section_3007
     _SCG_C1                                   300C       1       1       1   .abs_section_300c
     _SCG_C2                                   300D       1       1       1   .abs_section_300d
     _SCG_C3                                   300E       1       1       1   .abs_section_300e
     _SCG_C4                                   300F       1       1       1   .abs_section_300f
     _DBG_CAH                                  3010       1       1       0   .abs_section_3010
     _DBG_CAL                                  3011       1       1       0   .abs_section_3011
     _DBG_CBH                                  3012       1       1       0   .abs_section_3012
     _DBG_CBL                                  3013       1       1       0   .abs_section_3013
     _DBG_CCH                                  3014       1       1       0   .abs_section_3014
     _DBG_CCL                                  3015       1       1       0   .abs_section_3015
     _DBG_FH                                   3016       1       1       0   .abs_section_3016
     _DBG_FL                                   3017       1       1       0   .abs_section_3017
     _DBG_CAX                                  3018       1       1       0   .abs_section_3018
     _DBG_CBX                                  3019       1       1       0   .abs_section_3019
     _DBG_CCX                                  301A       1       1       0   .abs_section_301a
     _DBG_FX                                   301B       1       1       0   .abs_section_301b
     _DBG_C                                    301C       1       1       0   .abs_section_301c
     _DBG_T                                    301D       1       1       0   .abs_section_301d
     _DBG_S                                    301E       1       1       0   .abs_section_301e
     _DBG_CNT                                  301F       1       1       0   .abs_section_301f
     _NVM_FCLKDIV                              3020       1       1       0   .abs_section_3020
     _NVM_FSEC                                 3021       1       1       0   .abs_section_3021
     _NVM_FCCOBIX                              3022       1       1       0   .abs_section_3022
     _NVM_FCNFG                                3024       1       1       0   .abs_section_3024
     _NVM_FERCNFG                              3025       1       1       0   .abs_section_3025
     _NVM_FSTAT                                3026       1       1       0   .abs_section_3026
     _NVM_FERSTAT                              3027       1       1       0   .abs_section_3027
     _NVM_FPROT                                3028       1       1       0   .abs_section_3028
     _NVM_EEPROT                               3029       1       1       0   .abs_section_3029
     _NVM_FOPT                                 302C       1       1       0   .abs_section_302c
     _WDOG_CS1                                 3030       1       1       1   .abs_section_3030
     _WDOG_CS2                                 3031       1       1       1   .abs_section_3031
     _ICS_C1                                   3038       1       1       1   .abs_section_3038
     _ICS_C2                                   3039       1       1       1   .abs_section_3039
     _ICS_C3                                   303A       1       1       1   .abs_section_303a
     _ICS_C4                                   303B       1       1       3   .abs_section_303b
     _ICS_S                                    303C       1       1       0   .abs_section_303c
     _ICS_OSCSC                                303E       1       1       0   .abs_section_303e
     _PMC_SPMSC1                               3040       1       1       2   .abs_section_3040
     _PMC_SPMSC2                               3041       1       1       2   .abs_section_3041
     _SYS_ILLAH                                304A       1       1       0   .abs_section_304a
     _SYS_ILLAL                                304B       1       1       0   .abs_section_304b
     _IPC_ILRS0                                3050       1       1       1   .abs_section_3050
     _IPC_ILRS1                                3051       1       1       1   .abs_section_3051
     _IPC_ILRS2                                3052       1       1       1   .abs_section_3052
     _IPC_ILRS3                                3053       1       1       1   .abs_section_3053
     _IPC_ILRS4                                3054       1       1       1   .abs_section_3054
     _IPC_ILRS5                                3055       1       1       1   .abs_section_3055
     _IPC_ILRS6                                3056       1       1       1   .abs_section_3056
     _IPC_ILRS7                                3057       1       1       1   .abs_section_3057
     _IPC_ILRS8                                3058       1       1       1   .abs_section_3058
     _IPC_ILRS9                                3059       1       1       1   .abs_section_3059
     _CRC_CTRL                                 3068       1       1       0   .abs_section_3068
     _RTC_SC1                                  306A       1       1       2   .abs_section_306a
     _RTC_SC2                                  306B       1       1       1   .abs_section_306b
     _I2C_A1                                   3070       1       1       0   .abs_section_3070
     _I2C_F                                    3071       1       1       0   .abs_section_3071
     _I2C_C1                                   3072       1       1       0   .abs_section_3072
     _I2C_S                                    3073       1       1       0   .abs_section_3073
     _I2C_D                                    3074       1       1       0   .abs_section_3074
     _I2C_C2                                   3075       1       1       0   .abs_section_3075
     _I2C_FLT                                  3076       1       1       0   .abs_section_3076
     _I2C_RA                                   3077       1       1       0   .abs_section_3077
     _I2C_SMB                                  3078       1       1       0   .abs_section_3078
     _I2C_A2                                   3079       1       1       0   .abs_section_3079
     _KBI0_PE                                  307C       1       1       0   .abs_section_307c
     _KBI0_ES                                  307D       1       1       0   .abs_section_307d
     _KBI1_PE                                  307E       1       1       0   .abs_section_307e
     _KBI1_ES                                  307F       1       1       0   .abs_section_307f
     _SCI0_C1                                  3082       1       1       0   .abs_section_3082
     _SCI0_C2                                  3083       1       1       0   .abs_section_3083
     _SCI0_S1                                  3084       1       1       0   .abs_section_3084
     _SCI0_S2                                  3085       1       1       0   .abs_section_3085
     _SCI0_C3                                  3086       1       1       0   .abs_section_3086
     _SCI0_D                                   3087       1       1       0   .abs_section_3087
     _SCI1_C1                                  308A       1       1       0   .abs_section_308a
     _SCI1_C2                                  308B       1       1       0   .abs_section_308b
     _SCI1_S1                                  308C       1       1       0   .abs_section_308c
     _SCI1_S2                                  308D       1       1       0   .abs_section_308d
     _SCI1_C3                                  308E       1       1       0   .abs_section_308e
     _SCI1_D                                   308F       1       1       0   .abs_section_308f
     _SCI2_C1                                  3092       1       1       0   .abs_section_3092
     _SCI2_C2                                  3093       1       1       0   .abs_section_3093
     _SCI2_S1                                  3094       1       1       0   .abs_section_3094
     _SCI2_S2                                  3095       1       1       0   .abs_section_3095
     _SCI2_C3                                  3096       1       1       0   .abs_section_3096
     _SCI2_D                                   3097       1       1       0   .abs_section_3097
     _SPI0_C1                                  3098       1       1       0   .abs_section_3098
     _SPI0_C2                                  3099       1       1       0   .abs_section_3099
     _SPI0_BR                                  309A       1       1       0   .abs_section_309a
     _SPI0_S                                   309B       1       1       0   .abs_section_309b
     _SPI0_D                                   309D       1       1       0   .abs_section_309d
     _SPI0_M                                   309F       1       1       0   .abs_section_309f
     _SPI1_C1                                  30A0       1       1       0   .abs_section_30a0
     _SPI1_C2                                  30A1       1       1       0   .abs_section_30a1
     _SPI1_BR                                  30A2       1       1       0   .abs_section_30a2
     _SPI1_S                                   30A3       1       1       0   .abs_section_30a3
     _SPI1_C3                                  30A8       1       1       0   .abs_section_30a8
     _SPI1_CI                                  30A9       1       1       0   .abs_section_30a9
     _ADC_APCTL1                               30AC       1       1       1   .abs_section_30ac
     _ADC_APCTL2                               30AD       1       1       1   .abs_section_30ad
     _PORT_HDRVE                               30AF       1       1       0   .abs_section_30af
     _PORT_PTAOE                               30B0       1       1       5   .abs_section_30b0
     _PORT_PTBOE                               30B1       1       1       1   .abs_section_30b1
     _PORT_PTCOE                               30B2       1       1       0   .abs_section_30b2
     _PORT_PTDOE                               30B3       1       1       1   .abs_section_30b3
     _PORT_PTEOE                               30B4       1       1       1   .abs_section_30b4
     _PORT_PTFOE                               30B5       1       1       0   .abs_section_30b5
     _PORT_PTGOE                               30B6       1       1       1   .abs_section_30b6
     _PORT_PTHOE                               30B7       1       1       1   .abs_section_30b7
     _PORT_PTAIE                               30B8       1       1       7   .abs_section_30b8
     _PORT_PTBIE                               30B9       1       1       0   .abs_section_30b9
     _PORT_PTCIE                               30BA       1       1       0   .abs_section_30ba
     _PORT_PTDIE                               30BB       1       1       1   .abs_section_30bb
     _PORT_PTEIE                               30BC       1       1       1   .abs_section_30bc
     _PORT_PTFIE                               30BD       1       1       0   .abs_section_30bd
     _PORT_PTGIE                               30BE       1       1       1   .abs_section_30be
     _PORT_PTHIE                               30BF       1       1       1   .abs_section_30bf
     _FTM2_SC                                  30C0       1       1       2   .abs_section_30c0
     _FTM2_C0SC                                30C5       1       1       0   .abs_section_30c5
     _FTM2_C1SC                                30C8       1       1       0   .abs_section_30c8
     _FTM2_C2SC                                30CB       1       1       0   .abs_section_30cb
     _FTM2_C3SC                                30CE       1       1       0   .abs_section_30ce
     _FTM2_C4SC                                30D1       1       1       1   .abs_section_30d1
     _FTM2_C5SC                                30D4       1       1       0   .abs_section_30d4
     _FTM2_STATUS                              30D9       1       1       0   .abs_section_30d9
     _FTM2_MODE                                30DA       1       1       1   .abs_section_30da
     _FTM2_SYNC                                30DB       1       1       0   .abs_section_30db
     _FTM2_OUTINIT                             30DC       1       1       0   .abs_section_30dc
     _FTM2_OUTMASK                             30DD       1       1       0   .abs_section_30dd
     _FTM2_COMBINE0                            30DE       1       1       0   .abs_section_30de
     _FTM2_COMBINE1                            30DF       1       1       0   .abs_section_30df
     _FTM2_COMBINE2                            30E0       1       1       0   .abs_section_30e0
     _FTM2_DEADTIME                            30E2       1       1       0   .abs_section_30e2
     _FTM2_EXTTRIG                             30E3       1       1       0   .abs_section_30e3
     _FTM2_POL                                 30E4       1       1       0   .abs_section_30e4
     _FTM2_FMS                                 30E5       1       1       0   .abs_section_30e5
     _FTM2_FILTER0                             30E6       1       1       0   .abs_section_30e6
     _FTM2_FILTER1                             30E7       1       1       0   .abs_section_30e7
     _FTM2_FLTFILTER                           30E8       1       1       0   .abs_section_30e8
     _FTM2_FLTCTRL                             30E9       1       1       0   .abs_section_30e9
     _PORT_IOFLT0                              30EC       1       1       0   .abs_section_30ec
     _PORT_IOFLT1                              30ED       1       1       0   .abs_section_30ed
     _PORT_IOFLT2                              30EE       1       1       0   .abs_section_30ee
     _PORT_FCLKDIV                             30EF       1       1       0   .abs_section_30ef
     _PORT_PTAPE                               30F0       1       1       1   .abs_section_30f0
     _PORT_PTBPE                               30F1       1       1       0   .abs_section_30f1
     _PORT_PTCPE                               30F2       1       1       0   .abs_section_30f2
     _PORT_PTDPE                               30F3       1       1       1   .abs_section_30f3
     _PORT_PTEPE                               30F4       1       1       1   .abs_section_30f4
     _PORT_PTFPE                               30F5       1       1       0   .abs_section_30f5
     _PORT_PTGPE                               30F6       1       1       1   .abs_section_30f6
     _PORT_PTHPE                               30F7       1       1       1   .abs_section_30f7
     _SYS_UUID1                                30F8       1       1       0   .abs_section_30f8
     _SYS_UUID2                                30F9       1       1       0   .abs_section_30f9
     _SYS_UUID3                                30FA       1       1       0   .abs_section_30fa
     _SYS_UUID4                                30FB       1       1       0   .abs_section_30fb
     _SYS_UUID5                                30FC       1       1       0   .abs_section_30fc
     _SYS_UUID6                                30FD       1       1       0   .abs_section_30fd
     _SYS_UUID7                                30FE       1       1       0   .abs_section_30fe
     _SYS_UUID8                                30FF       1       1       0   .abs_section_30ff
     _TSI_CNT                                     E       2       2       0   .abs_section_e
     _ADC_R                                      14       2       2       2   .abs_section_14
     _ADC_CV                                     16       2       2       0   .abs_section_16
     _FTM0_CNT                                   21       2       2       0   .abs_section_21
     _FTM0_MOD                                   23       2       2       0   .abs_section_23
     _FTM0_C0V                                   26       2       2       0   .abs_section_26
     _FTM0_C1V                                   29       2       2       0   .abs_section_29
     _FTM1_CNT                                   31       2       2       0   .abs_section_31
     _FTM1_MOD                                   33       2       2       0   .abs_section_33
     _FTM1_C0V                                   36       2       2       0   .abs_section_36
     _FTM1_C1V                                   39       2       2       0   .abs_section_39
     _SYS_SDID                                 3002       2       2       0   .abs_section_3002
     _NVM_FCCOB                                302A       2       2       0   .abs_section_302a
     _WDOG_CNT                                 3032       2       2       2   .abs_section_3032
     _WDOG_TOVAL                               3034       2       2       1   .abs_section_3034
     _WDOG_WIN                                 3036       2       2       0   .abs_section_3036
     _CRC_D0D1                                 3060       2       2       0   .abs_section_3060
     _CRC_D2D3                                 3062       2       2       0   .abs_section_3062
     _CRC_P0P1                                 3064       2       2       0   .abs_section_3064
     _CRC_P2P3                                 3066       2       2       0   .abs_section_3066
     _RTC_MOD                                  306C       2       2       2   .abs_section_306c
     _RTC_CNT                                  306E       2       2       0   .abs_section_306e
     _I2C_SLT                                  307A       2       2       0   .abs_section_307a
     _SCI0_BD                                  3080       2       2       0   .abs_section_3080
     _SCI1_BD                                  3088       2       2       0   .abs_section_3088
     _SCI2_BD                                  3090       2       2       0   .abs_section_3090
     _SPI1_D16                                 30A4       2       2       0   .abs_section_30a4
     _SPI1_M                                   30A6       2       2       0   .abs_section_30a6
     _FTM2_CNT                                 30C1       2       2       0   .abs_section_30c1
     _FTM2_MOD                                 30C3       2       2       1   .abs_section_30c3
     _FTM2_C0V                                 30C6       2       2       0   .abs_section_30c6
     _FTM2_C1V                                 30C9       2       2       0   .abs_section_30c9
     _FTM2_C2V                                 30CC       2       2       0   .abs_section_30cc
     _FTM2_C3V                                 30CF       2       2       0   .abs_section_30cf
     _FTM2_C4V                                 30D2       2       2       1   .abs_section_30d2
     _FTM2_C5V                                 30D5       2       2       0   .abs_section_30d5
     _FTM2_CNTIN                               30D7       2       2       0   .abs_section_30d7
MODULE:                 -- LCD1_c.obj --
- PROCEDURES:
     SSD1306_WriteCommand                      4F2D      1A      26      30   .text       
     SSD1306_WriteData                         4F47      1B      27       1   .text       
     SSD1306_WriteDataBlock                    4F62      5B      91       2   .text       
     SSD1306_SetPageStartAddr                  4FBD      11      17       4   .text       
     SSD1306_SetColStartAddr                   4FCE      1C      28       4   .text       
     SSD1306_PrintChar                         4FEA      3F      63       1   .text       
     LCD1_Clear                                5029      2A      42       1   .text       
     LCD1_UpdateRegion                         5053      7D     125       4   .text       
     LCD1_UpdateFull                           50D0      16      22       2   .text       
     LCD1_DisplayOn                            50E6      10      16       1   .text       
     LCD1_SetRowCol                            50F6       F      15       1   .text       
     LCD1_PrintString                          5105      41      65       1   .text       
     LCD1_Init                                 5146      9C     156       1   .text       
     LCD1_PutPixel                             51E2      59      89      12   .text       
- VARIABLES:
     font                                        6E     288     648       1   .data       
     actCol                                     327       1       1       2   .bss        
     actPage                                    328       1       1       5   .bss        
     LCD1_DisplayBuf                            876     400    1024       6   .common     
MODULE:                 -- Led1_c.obj --
- PROCEDURES:
     Led1_NegVal                               523B       7       7       1   .text       
- VARIABLES:
MODULE:                 -- Led2_c.obj --
- PROCEDURES:
     Led2_NegVal                               5242       7       7       1   .text       
- VARIABLES:
MODULE:                 -- Led_button_c.obj --
- PROCEDURES:
     Led_button_ClrVal                         5249       3       3       1   .text       
     Led_button_SetVal                         524C       3       3       1   .text       
- VARIABLES:
MODULE:                 -- MCUC1_c.obj --
- PROCEDURES:
     MCUC1_Init                                524F       1       1       1   .text       
- VARIABLES:
MODULE:                 -- PWM_c.obj --
- PROCEDURES:
     SetRatio                                  5250      8A     138       1   .text       
     PWM_Init                                  52DA      23      35       1   .text       
- VARIABLES:
     ActualRatio                                329       2       2       6   .bss        
MODULE:                 -- Vectors_c.obj --
- PROCEDURES:
- VARIABLES:
     _vect                                     FFB0      50      80       0   .abs_section_ffb0
MODULE:                 -- WAIT1_c.obj --
- PROCEDURES:
     WAIT1_Wait10Cycles                        52FD       1       1       1   .text       
     WAIT1_Wait100Cycles                       52FE       9       9       1   .text       
     WAIT1_WaitCycles                          5307      3B      59       5   .text       
     WAIT1_WaitLongCycles                      5342      36      54       1   .text       
     WAIT1_Waitms                              5378      34      52       1   .text       
     WAIT1_Init                                53AC       1       1       1   .text       
- VARIABLES:
MODULE:                 -- rtshc08.o (ansis.lib) --
- PROCEDURES:
     _PUSH_ARGS_L                              53AD      20      32       2   .text       
     _ENTER_UNARY_L                            53CD      29      41       2   .text       
     _ENTER_BINARY_L                           53F6      16      22       1   .text       
     _ENTER_BINARY_L_RC                        540C      19      25       2   .text       
     _IDIVMOD                                  5425      69     105       1   .text       
     _SPLITSIGN                                548E      1C      28       1   .text       
     _LSUB_k_is_k_minus_j                      54AA      1F      31       1   .text       
     _LCMP_k_rel_j                             54C9      1F      31       2   .text       
     _IMUL_STAR08                              54E8      27      39       3   .text       
     _IDIVS_STAR08                             550F      1B      27       1   .text       
     _ILSL                                     552A       C      12       1   .text       
     _ICMP                                     5536      16      22       2   .text       
     _LINC                                     554C      16      22       1   .text       
     _LDEC                                     5562      1C      28       1   .text       
     _LSUB_RC                                  557E       6       6       3   .text       
     _LCMP                                     5584       6       6       1   .text       
     _LCMP_RC                                  558A       6       6       3   .text       
     _POP32                                    5590      1A      26       5   .text       
     _Jump_Table_Header_Offset                 55AA      24      36       1   .text       
- VARIABLES:
MODULE:                 -- string.o (ansis.lib) --
- PROCEDURES:
     memcpy                                    55CE      3D      61       2   .text       
- VARIABLES:

*********************************************************************************************
MODULE STATISTIC
  Name                                      Data   Code  Const
---------------------------------------------------------------------------------------------
  Eventos_c.obj                                0    322      0
  Events_c.obj                                 0      3      0
  Message_c.obj                                0    927      0
  Mutex_c.obj                                  0    289      0
  Queue_c.obj                                  0    355      0
  RTOS_c.obj                                  89    183     10
  Semaforo_c.obj                               0    344      0
  main_c.obj                                1231   2475     56
  portable_c.obj                               3    247      0
  scheduller_c.obj                            48    337      0
  task_c.obj                                   8    574      0
  start08_c.obj                                0    132      0
  ADC1_c.obj                                   5    243      4
  Button_c.obj                                 0      5      0
  Button_1_c.obj                               0      5      0
  ClockPin1_c.obj                              0     44      0
  Cpu_c.obj                                    1    342      0
  DataPin1_c.obj                               0     44      0
  EI2C1_c.obj                                  1    342      0
  GI2C1_c.obj                                 32    242      0
  IO_Map_c.obj                               282      0      0
  LCD1_c.obj                                1674    782      0
  Led1_c.obj                                   0      7      0
  Led2_c.obj                                   0      7      0
  Led_button_c.obj                             0      6      0
  MCUC1_c.obj                                  0      1      0
  PWM_c.obj                                    2    173      0
  Vectors_c.obj                                0      0     80
  WAIT1_c.obj                                  0    176      0
  rtshc08.o (ansis.lib)                        0    545      0
  string.o (ansis.lib)                         0     61      0
  other                                      100     14    589

*********************************************************************************************
SECTION USE IN OBJECT-ALLOCATION SECTION
---------------------------------------------------------------------------------------------
SECTION: ".text"
  Event_Init Event_Set ADC1_OnEnd EI2C1_OnTxChar EI2C1_OnNACK Message_Init 
  Message_GetMsgUsedCount Message_Send Message_Receive Mutex_Init Mutex_Take 
  Mutex_Give Queue_Init Queue_GetCount Queue_Enqueue Queue_Dequeue Queue_Copy 
  RTOS_IdleTask RTOS_Init RTOS_Start RTOS_CreateIdleTask Semaforo_Init 
  Semaforo_Take Semaforo_Give IntToChar1 main FuncionTarea1 FuncionTarea2 
  FuncionTarea3 FuncionTarea4 FuncionTareaPong FuncionTareaSemaforo 
  FuncionTareaEvento Portable_InitTaskContext Portable_RestoreManualContext 
  Portable_InitTickRTC Portable_DisableInterrupts Portable_EnableInterrupts 
  ISR_SoftwareInterrupt ISR_TimerInterrupt Scheduller_Init 
  Scheduller_Coperative Scheduller_SetTaskToReadyQueue Task_GetActualTask 
  Task_Init Task_SetActualTask Task_Create Task_CheckStack Task_Sleep 
  Task_DecrementTimers loadByte Init _Startup ADC1_Interrupt ClrSumV 
  ADC1_HWEnDi ADC1_Measure ADC1_GetChanValue8 ADC1_Init Button_GetVal 
  Button_1_GetVal ClockPin1_GetVal ClockPin1_ClrVal ClockPin1_SetDir 
  DataPin1_GetVal DataPin1_ClrVal DataPin1_SetDir Delay EI2C1_Init Write GetAck 
  InternalStop EI2C1_SendBlock EI2C1_SendStop EI2C1_SelectSlave 
  GI2C1_RequestBus GI2C1_ReleaseBus GI2C1_SelectSlave GI2C1_UnselectSlave 
  GI2C1_WriteAddress GI2C1_Init GI2C1_WriteByteAddress8 SSD1306_WriteCommand 
  SSD1306_WriteData SSD1306_WriteDataBlock SSD1306_SetPageStartAddr 
  SSD1306_SetColStartAddr SSD1306_PrintChar LCD1_Clear LCD1_UpdateRegion 
  LCD1_UpdateFull LCD1_DisplayOn LCD1_SetRowCol LCD1_PrintString LCD1_Init 
  LCD1_PutPixel Led1_NegVal Led2_NegVal Led_button_ClrVal Led_button_SetVal 
  MCUC1_Init SetRatio PWM_Init WAIT1_Wait10Cycles WAIT1_Wait100Cycles 
  WAIT1_WaitCycles WAIT1_WaitLongCycles WAIT1_Waitms WAIT1_Init _PUSH_ARGS_L 
  _ENTER_UNARY_L _ENTER_BINARY_L _ENTER_BINARY_L_RC _IDIVMOD _SPLITSIGN 
  _LSUB_k_is_k_minus_j _LCMP_k_rel_j _IMUL_STAR08 _IDIVS_STAR08 _ILSL _ICMP 
  _LINC _LDEC _LSUB_RC _LCMP _LCMP_RC _POP32 _Jump_Table_Header_Offset memcpy 
SECTION: ".data"
  dx dy H V LeftRaqX RightRaqX RightRaqY font 
SECTION: ".bss"
  flag_x flag_y count_1 count_2 flag_delete CriticalNesting ActualTask OutFlg 
  SumChan ModeFlg SlaveAddr writeBuf.1 actCol actPage ActualRatio 
SECTION: ".init"
  Cpu_Interrupt _EntryPoint PE_low_level_init 
SECTION: ".rodata"
  Table Channels 
SECTION: ".rodata1"
  STRING.Idle.Task.1 STRING.Tarea.1.1 STRING.Tarea.2.2 STRING.Tarea.3.3 
  STRING.Tarea.4.4 STRING.Tarea.5.5 STRING.Tarea.6.6 STRING.Tarea.7.7 
SECTION: ".common"
  IdleTaskHandler IdleTaskStack i j ball_x ball_y LeftRaqY jugador1 jugador2 
  punt1 punt2 Pot_player1 Pot_player2 value_p1 value_p2 Tarea1 Tarea2 Tarea3 
  Tarea4 Tarea5 Tarea6 Tarea7 Tarea1Stack Tarea2Stack Tarea3Stack Tarea4Stack 
  Tarea5Stack Tarea6Stack Tarea7Stack SemTest MutexTest EventTest Message 
  MsgPoll CurrentStackPtr ReadyTaskList TimeBlockedTaskQueue ADC1_OutV CCR_lock 
  LCD1_DisplayBuf 
SECTION: ".abs_section_0"
  _PORT_PTAD 
SECTION: ".abs_section_1"
  _PORT_PTBD 
SECTION: ".abs_section_2"
  _PORT_PTCD 
SECTION: ".abs_section_3"
  _PORT_PTDD 
SECTION: ".abs_section_4"
  _PORT_PTED 
SECTION: ".abs_section_5"
  _PORT_PTFD 
SECTION: ".abs_section_6"
  _PORT_PTGD 
SECTION: ".abs_section_7"
  _PORT_PTHD 
SECTION: ".abs_section_8"
  _TSI_CS0 
SECTION: ".abs_section_9"
  _TSI_CS1 
SECTION: ".abs_section_a"
  _TSI_CS2 
SECTION: ".abs_section_b"
  _TSI_CS3 
SECTION: ".abs_section_c"
  _TSI_PEN0 
SECTION: ".abs_section_d"
  _TSI_PEN1 
SECTION: ".abs_section_10"
  _ADC_SC1 
SECTION: ".abs_section_11"
  _ADC_SC2 
SECTION: ".abs_section_12"
  _ADC_SC3 
SECTION: ".abs_section_13"
  _ADC_SC4 
SECTION: ".abs_section_18"
  _MTIM0_SC 
SECTION: ".abs_section_19"
  _MTIM0_CLK 
SECTION: ".abs_section_1a"
  _MTIM0_CNT 
SECTION: ".abs_section_1b"
  _MTIM0_MOD 
SECTION: ".abs_section_1c"
  _MTIM1_SC 
SECTION: ".abs_section_1d"
  _MTIM1_CLK 
SECTION: ".abs_section_1e"
  _MTIM1_CNT 
SECTION: ".abs_section_1f"
  _MTIM1_MOD 
SECTION: ".abs_section_20"
  _FTM0_SC 
SECTION: ".abs_section_25"
  _FTM0_C0SC 
SECTION: ".abs_section_28"
  _FTM0_C1SC 
SECTION: ".abs_section_2c"
  _ACMP_CS 
SECTION: ".abs_section_2d"
  _ACMP_C0 
SECTION: ".abs_section_2e"
  _ACMP_C1 
SECTION: ".abs_section_2f"
  _ACMP_C2 
SECTION: ".abs_section_30"
  _FTM1_SC 
SECTION: ".abs_section_35"
  _FTM1_C0SC 
SECTION: ".abs_section_38"
  _FTM1_C1SC 
SECTION: ".abs_section_3b"
  _IRQ_SC 
SECTION: ".abs_section_3c"
  _KBI0_SC 
SECTION: ".abs_section_3d"
  _KBI1_SC 
SECTION: ".abs_section_3e"
  _IPC_SC 
SECTION: ".abs_section_3f"
  _IPC_IPMPS 
SECTION: ".abs_section_3000"
  _SYS_SRS 
SECTION: ".abs_section_3001"
  _SYS_SBDFR 
SECTION: ".abs_section_3004"
  _SYS_SOPT1 
SECTION: ".abs_section_3005"
  _SYS_SOPT2 
SECTION: ".abs_section_3006"
  _SYS_SOPT3 
SECTION: ".abs_section_3007"
  _SYS_SOPT4 
SECTION: ".abs_section_300c"
  _SCG_C1 
SECTION: ".abs_section_300d"
  _SCG_C2 
SECTION: ".abs_section_300e"
  _SCG_C3 
SECTION: ".abs_section_300f"
  _SCG_C4 
SECTION: ".abs_section_3010"
  _DBG_CAH 
SECTION: ".abs_section_3011"
  _DBG_CAL 
SECTION: ".abs_section_3012"
  _DBG_CBH 
SECTION: ".abs_section_3013"
  _DBG_CBL 
SECTION: ".abs_section_3014"
  _DBG_CCH 
SECTION: ".abs_section_3015"
  _DBG_CCL 
SECTION: ".abs_section_3016"
  _DBG_FH 
SECTION: ".abs_section_3017"
  _DBG_FL 
SECTION: ".abs_section_3018"
  _DBG_CAX 
SECTION: ".abs_section_3019"
  _DBG_CBX 
SECTION: ".abs_section_301a"
  _DBG_CCX 
SECTION: ".abs_section_301b"
  _DBG_FX 
SECTION: ".abs_section_301c"
  _DBG_C 
SECTION: ".abs_section_301d"
  _DBG_T 
SECTION: ".abs_section_301e"
  _DBG_S 
SECTION: ".abs_section_301f"
  _DBG_CNT 
SECTION: ".abs_section_3020"
  _NVM_FCLKDIV 
SECTION: ".abs_section_3021"
  _NVM_FSEC 
SECTION: ".abs_section_3022"
  _NVM_FCCOBIX 
SECTION: ".abs_section_3024"
  _NVM_FCNFG 
SECTION: ".abs_section_3025"
  _NVM_FERCNFG 
SECTION: ".abs_section_3026"
  _NVM_FSTAT 
SECTION: ".abs_section_3027"
  _NVM_FERSTAT 
SECTION: ".abs_section_3028"
  _NVM_FPROT 
SECTION: ".abs_section_3029"
[...]
_Startup                  USES __SEG_END_SSTACK Init main 
ADC1_Interrupt            USES ModeFlg SumChan _ADC_R ADC1_OutV OutFlg 
                                ADC1_OnEnd Channels _ADC_SC1 Table _IPC_SC 
ClrSumV                   USES ADC1_OutV 
ADC1_HWEnDi               USES ModeFlg OutFlg SumChan ClrSumV Table ADC1_OutV 
                                Channels _ADC_SC1 
ADC1_Measure              USES ModeFlg ADC1_HWEnDi 
ADC1_GetChanValue8        USES OutFlg Table ADC1_OutV 
ADC1_Init                 USES _ADC_SC1 _ADC_SC2 _ADC_SC4 OutFlg ModeFlg 
                                _ADC_SC3 
Button_GetVal             USES _PORT_PTDD 
Button_1_GetVal           USES _PORT_PTED 
ClockPin1_GetVal          USES _PORT_PTAD 
ClockPin1_ClrVal          USES _PORT_PTAD 
ClockPin1_SetDir          USES _PORT_PTAOE _PORT_PTAIE 
DataPin1_GetVal           USES _PORT_PTAD 
DataPin1_ClrVal           USES _PORT_PTAD 
DataPin1_SetDir           USES _PORT_PTAOE _PORT_PTAIE 
EI2C1_Init                USES SlaveAddr 
Write                     USES DataPin1_SetDir DataPin1_ClrVal 
                                ClockPin1_SetDir Delay ClockPin1_GetVal ClockPin1_ClrVal 
GetAck                    USES DataPin1_SetDir ClockPin1_SetDir Delay 
                                ClockPin1_GetVal DataPin1_GetVal 
InternalStop              USES DataPin1_SetDir DataPin1_ClrVal 
                                ClockPin1_SetDir Delay 
EI2C1_SendBlock           USES DataPin1_SetDir ClockPin1_SetDir Delay 
                                DataPin1_ClrVal SlaveAddr Write GetAck EI2C1_OnNACK 
                                InternalStop EI2C1_OnTxChar ClockPin1_ClrVal 
EI2C1_SendStop            USES DataPin1_SetDir DataPin1_ClrVal 
                                ClockPin1_SetDir Delay 
EI2C1_SelectSlave         USES SlaveAddr 
GI2C1_SelectSlave         USES GI2C1_RequestBus EI2C1_SelectSlave 
                                GI2C1_ReleaseBus 
GI2C1_UnselectSlave       USES GI2C1_ReleaseBus 
GI2C1_WriteAddress        USES GI2C1_SelectSlave GI2C1_WriteAddress writeBuf.1 
                                EI2C1_SendBlock EI2C1_SendStop GI2C1_UnselectSlave 
GI2C1_WriteByteAddress8   USES GI2C1_WriteAddress 
SSD1306_WriteCommand      USES GI2C1_WriteByteAddress8 WAIT1_WaitCycles 
SSD1306_WriteData         USES GI2C1_WriteByteAddress8 WAIT1_WaitCycles 
SSD1306_WriteDataBlock    USES GI2C1_WriteAddress WAIT1_WaitCycles 
SSD1306_SetPageStartAddr  USES actPage SSD1306_WriteCommand 
SSD1306_SetColStartAddr   USES actCol SSD1306_WriteCommand 
SSD1306_PrintChar         USES _IMUL_STAR08 font SSD1306_WriteData 
LCD1_Clear                USES LCD1_DisplayBuf LCD1_UpdateFull 
LCD1_UpdateRegion         USES _IDIVS_STAR08 SSD1306_SetPageStartAddr 
                                SSD1306_SetColStartAddr _ILSL LCD1_DisplayBuf SSD1306_WriteDataBlock 
LCD1_UpdateFull           USES SSD1306_SetPageStartAddr 
                                SSD1306_SetColStartAddr LCD1_DisplayBuf SSD1306_WriteDataBlock 
LCD1_DisplayOn            USES SSD1306_WriteCommand 
LCD1_SetRowCol            USES SSD1306_SetPageStartAddr 
                                SSD1306_SetColStartAddr 
LCD1_PrintString          USES LCD1_SetRowCol actPage SSD1306_SetPageStartAddr 
                                SSD1306_SetColStartAddr SSD1306_PrintChar 
LCD1_Init                 USES WAIT1_Waitms SSD1306_WriteCommand 
LCD1_PutPixel             USES LCD1_DisplayBuf 
Led1_NegVal               USES _PORT_PTDD 
Led2_NegVal               USES _PORT_PTGD 
Led_button_ClrVal         USES _PORT_PTHD 
Led_button_SetVal         USES _PORT_PTHD 
SetRatio                  USES ActualRatio _FTM2_C4V 
PWM_Init                  USES _FTM2_MODE _FTM2_SC _FTM2_C4SC ActualRatio 
                                _FTM2_MOD SetRatio 
WAIT1_WaitCycles          USES WAIT1_Wait100Cycles _LSUB_RC _POP32 _LCMP_RC 
                                WAIT1_Wait10Cycles 
WAIT1_WaitLongCycles      USES WAIT1_WaitCycles _LSUB_RC _POP32 _LCMP_RC 
WAIT1_Waitms              USES WAIT1_WaitLongCycles _LDEC _POP32 
_ENTER_BINARY_L           USES _PUSH_ARGS_L 
_ENTER_BINARY_L_RC        USES _PUSH_ARGS_L 
_SPLITSIGN                USES _IDIVMOD 
_IDIVS_STAR08             USES _SPLITSIGN 
_LINC                     USES _ENTER_UNARY_L 
_LDEC                     USES _ENTER_UNARY_L 
_LSUB_RC                  USES _ENTER_BINARY_L_RC _LSUB_k_is_k_minus_j 
_LCMP                     USES _ENTER_BINARY_L _LCMP_k_rel_j 
_LCMP_RC                  USES _ENTER_BINARY_L_RC _LCMP_k_rel_j 
_vect                     USES Cpu_Interrupt ISR_TimerInterrupt ADC1_Interrupt 
                                ISR_SoftwareInterrupt _EntryPoint 

*********************************************************************************************
DEPENDENCY TREE
*********************************************************************************************
 main and _Startup Group
 | 
 +- main                
 |  | 
 |  +- PE_low_level_init   
 |  |  | 
 |  |  +- ADC1_Init           
 |  |  |    
 |  |  +- PWM_Init            
 |  |  |  | 
 |  |  |  +- SetRatio            
 |  |  |       
 |  |  +- MCUC1_Init          
 |  |  |    
 |  |  +- WAIT1_Init          
 |  |  |    
 |  |  +- EI2C1_Init          
 |  |  |    
 |  |  +- GI2C1_Init          
 |  |  |    
 |  |  +- LCD1_Init           
 |  |     | 
 |  |     +- WAIT1_Waitms        
 |  |     |  | 
 |  |     |  +- WAIT1_WaitLongCycles
 |  |     |  |  | 
 |  |     |  |  +- WAIT1_WaitCycles    
 |  |     |  |  |  | 
 |  |     |  |  |  +- WAIT1_Wait100Cycles 
 |  |     |  |  |  |    
 |  |     |  |  |  +- _LSUB_RC            
 |  |     |  |  |  |  | 
 |  |     |  |  |  |  +- _ENTER_BINARY_L_RC  
 |  |     |  |  |  |  |  | 
 |  |     |  |  |  |  |  +- _PUSH_ARGS_L        
 |  |     |  |  |  |  |       
 |  |     |  |  |  |  +- _LSUB_k_is_k_minus_j
 |  |     |  |  |  |       
 |  |     |  |  |  +- _POP32              
 |  |     |  |  |  |    
 |  |     |  |  |  +- _LCMP_RC            
 |  |     |  |  |  |  | 
 |  |     |  |  |  |  +- _ENTER_BINARY_L_RC   (see above)
 |  |     |  |  |  |  |  
 |  |     |  |  |  |  +- _LCMP_k_rel_j       
 |  |     |  |  |  |       
 |  |     |  |  |  +- WAIT1_Wait10Cycles  
 |  |     |  |  |       
 |  |     |  |  +- _LSUB_RC             (see above)
 |  |     |  |  |  
 |  |     |  |  +- _POP32               (see above)
 |  |     |  |  |  
 |  |     |  |  +- _LCMP_RC             (see above)
 |  |     |  |     
 |  |     |  +- _LDEC               
 |  |     |  |  | 
 |  |     |  |  +- _ENTER_UNARY_L      
 |  |     |  |       
 |  |     |  +- _POP32               (see above)
 |  |     |     
 |  |     +- SSD1306_WriteCommand
 |  |        | 
 |  |        +- GI2C1_WriteByteAddress8
 |  |        |  | 
 |  |        |  +- GI2C1_WriteAddress  
 |  |        |     | 
 |  |        |     +- GI2C1_SelectSlave   
 |  |        |     |  | 
 |  |        |     |  +- GI2C1_RequestBus    
 |  |        |     |  |    
 |  |        |     |  +- EI2C1_SelectSlave   
 |  |        |     |  |    
 |  |        |     |  +- GI2C1_ReleaseBus    
 |  |        |     |       
 |  |        |     +- EI2C1_SendBlock     
 |  |        |     |  | 
 |  |        |     |  +- DataPin1_SetDir     
 |  |        |     |  |    
 |  |        |     |  +- ClockPin1_SetDir    
 |  |        |     |  |    
 |  |        |     |  +- Delay               
 |  |        |     |  |    
 |  |        |     |  +- DataPin1_ClrVal     
 |  |        |     |  |    
 |  |        |     |  +- Write               
 |  |        |     |  |  | 
 |  |        |     |  |  +- DataPin1_SetDir      (see above)
 |  |        |     |  |  |  
 |  |        |     |  |  +- DataPin1_ClrVal      (see above)
 |  |        |     |  |  |  
 |  |        |     |  |  +- ClockPin1_SetDir     (see above)
 |  |        |     |  |  |  
 |  |        |     |  |  +- Delay                (see above)
 |  |        |     |  |  |  
 |  |        |     |  |  +- ClockPin1_GetVal    
 |  |        |     |  |  |    
 |  |        |     |  |  +- ClockPin1_ClrVal    
 |  |        |     |  |       
 |  |        |     |  +- GetAck              
 |  |        |     |  |  | 
 |  |        |     |  |  +- DataPin1_SetDir      (see above)
 |  |        |     |  |  |  
 |  |        |     |  |  +- ClockPin1_SetDir     (see above)
 |  |        |     |  |  |  
 |  |        |     |  |  +- Delay                (see above)
 |  |        |     |  |  |  
 |  |        |     |  |  +- ClockPin1_GetVal     (see above)
 |  |        |     |  |  |  
 |  |        |     |  |  +- DataPin1_GetVal     
 |  |        |     |  |       
 |  |        |     |  +- EI2C1_OnNACK        
 |  |        |     |  |    
 |  |        |     |  +- InternalStop        
 |  |        |     |  |  | 
 |  |        |     |  |  +- DataPin1_SetDir      (see above)
 |  |        |     |  |  |  
 |  |        |     |  |  +- DataPin1_ClrVal      (see above)
 |  |        |     |  |  |  
 |  |        |     |  |  +- ClockPin1_SetDir     (see above)
 |  |        |     |  |  |  
 |  |        |     |  |  +- Delay                (see above)
 |  |        |     |  |     
 |  |        |     |  +- EI2C1_OnTxChar      
 |  |        |     |  |    
 |  |        |     |  +- ClockPin1_ClrVal     (see above)
 |  |        |     |     
 |  |        |     +- EI2C1_SendStop      
 |  |        |     |  | 
 |  |        |     |  +- DataPin1_SetDir      (see above)
 |  |        |     |  |  
 |  |        |     |  +- DataPin1_ClrVal      (see above)
 |  |        |     |  |  
 |  |        |     |  +- ClockPin1_SetDir     (see above)
 |  |        |     |  |  
 |  |        |     |  +- Delay                (see above)
 |  |        |     |     
 |  |        |     +- GI2C1_UnselectSlave 
 |  |        |        | 
 |  |        |        +- GI2C1_ReleaseBus     (see above)
 |  |        |           
 |  |        +- WAIT1_WaitCycles     (see above)
 |  |           
 |  +- RTOS_Init           
 |  |  | 
 |  |  +- Task_Init           
 |  |  |  | 
 |  |  |  +- Queue_Init          
 |  |  |       
 |  |  +- Scheduller_Init     
 |  |     | 
 |  |     +- Queue_Init           (see above)
 |  |        
 |  +- FuncionTarea1       
 |  |  | 
 |  |  +- _IMUL_STAR08        
 |  |  |    
 |  |  +- Task_Sleep          
 |  |  |  | 
 |  |  |  +- Portable_DisableInterrupts
 |  |  |  |    
 |  |  |  +- Task_GetActualTask  
 |  |  |  |    
 |  |  |  +- Queue_Enqueue       
 |  |  |  |  | 
 |  |  |  |  +- Portable_DisableInterrupts (see above)
 |  |  |  |     
 |  |  |  +- Portable_EnableInterrupts
 |  |  |       
 |  |  +- _Jump_Table_Header_Offset
 |  |  |    
 |  |  +- Event_Set           
 |  |  |  | 
 |  |  |  +- Portable_DisableInterrupts (see above)
 |  |  |  |  
 |  |  |  +- Task_GetActualTask   (see above)
 |  |  |  |  
 |  |  |  +- Queue_Init           (see above)
 |  |  |  |  
 |  |  |  +- Queue_Dequeue       
 |  |  |  |    
 |  |  |  +- Scheduller_SetTaskToReadyQueue
 |  |  |  |  | 
 |  |  |  |  +- Queue_Enqueue        (see above)
 |  |  |  |     
 |  |  |  +- Queue_GetCount      
 |  |  |  |    
 |  |  |  +- Queue_Copy          
 |  |  |  |  | 
 |  |  |  |  +- Portable_DisableInterrupts (see above)
 |  |  |  |  |  
 |  |  |  |  +- Portable_EnableInterrupts (see above)
 |  |  |  |     
 |  |  |  +- Portable_EnableInterrupts (see above)
 |  |  |  |  
 |  |  |  +- Queue_Enqueue        (see above)
 |  |  |     
 |  |  +- Message_Send        
 |  |     | 
 |  |     +- Portable_DisableInterrupts (see above)
 |  |     |  
 |  |     +- Task_GetActualTask   (see above)
 |  |     |  
 |  |     +- Queue_Enqueue        (see above)
 |  |     |  
 |  |     +- Portable_EnableInterrupts (see above)
 |  |     |  
 |  |     +- Queue_Dequeue        (see above)
 |  |     |  
 |  |     +- memcpy              
 |  |     |    
 |  |     +- Queue_GetCount       (see above)
 |  |     |  
 |  |     +- Scheduller_SetTaskToReadyQueue (see above)
 |  |        
 |  +- Task_Create         
 |  |  | 
 |  |  +- Portable_InitTaskContext
 |  |  |    
 |  |  +- Scheduller_SetTaskToReadyQueue (see above)
 |  |     
 |  +- FuncionTarea2       
 |  |  | 
 |  |  +- Task_Sleep           (see above)
 |  |  |  
 |  |  +- Led2_NegVal         
 |  |       
 |  +- FuncionTarea3       
 |  |  | 
 |  |  +- Task_Sleep           (see above)
 |  |  |  
 |  |  +- Button_GetVal       
 |  |  |    
 |  |  +- Led_button_SetVal   
 |  |  |    
 |  |  +- Led_button_ClrVal   
 |  |       
 |  +- FuncionTarea4       
 |  |  | 
 |  |  +- IntToChar1          
 |  |  |    
 |  |  +- LCD1_PrintString    
 |  |  |  | 
 |  |  |  +- LCD1_SetRowCol      
 |  |  |  |  | 
 |  |  |  |  +- SSD1306_SetPageStartAddr
 |  |  |  |  |  | 
 |  |  |  |  |  +- SSD1306_WriteCommand (see above)
 |  |  |  |  |     
 |  |  |  |  +- SSD1306_SetColStartAddr
 |  |  |  |     | 
 |  |  |  |     +- SSD1306_WriteCommand (see above)
 |  |  |  |        
 |  |  |  +- SSD1306_SetPageStartAddr (see above)
 |  |  |  |  
 |  |  |  +- SSD1306_SetColStartAddr (see above)
 |  |  |  |  
 |  |  |  +- SSD1306_PrintChar   
 |  |  |     | 
 |  |  |     +- _IMUL_STAR08         (see above)
 |  |  |     |  
 |  |  |     +- SSD1306_WriteData   
 |  |  |        | 
 |  |  |        +- GI2C1_WriteByteAddress8 (see above)
 |  |  |        |  
 |  |  |        +- WAIT1_WaitCycles     (see above)
 |  |  |           
 |  |  +- LCD1_UpdateRegion   
 |  |  |  | 
 |  |  |  +- _IDIVS_STAR08       
 |  |  |  |  | 
 |  |  |  |  +- _SPLITSIGN          
 |  |  |  |     | 
 |  |  |  |     +- _IDIVMOD            
 |  |  |  |          
 |  |  |  +- SSD1306_SetPageStartAddr (see above)
 |  |  |  |  
 |  |  |  +- SSD1306_SetColStartAddr (see above)
 |  |  |  |  
 |  |  |  +- _ILSL               
 |  |  |  |    
 |  |  |  +- SSD1306_WriteDataBlock
 |  |  |     | 
 |  |  |     +- GI2C1_WriteAddress   (see above)
 |  |  |     |  
 |  |  |     +- WAIT1_WaitCycles     (see above)
 |  |  |        
 |  |  +- LCD1_PutPixel       
 |  |       
 |  +- FuncionTareaEvento  
 |  |  | 
 |  |  +- Message_Receive     
 |  |  |  | 
 |  |  |  +- Portable_DisableInterrupts (see above)
 |  |  |  |  
 |  |  |  +- Task_GetActualTask   (see above)
 |  |  |  |  
 |  |  |  +- Queue_Enqueue        (see above)
 |  |  |  |  
 |  |  |  +- Portable_EnableInterrupts (see above)
 |  |  |  |  
 |  |  |  +- Queue_Dequeue        (see above)
 |  |  |  |  
 |  |  |  +- memcpy               (see above)
 |  |  |  |  
 |  |  |  +- Queue_GetCount       (see above)
 |  |  |  |  
 |  |  |  +- Scheduller_SetTaskToReadyQueue (see above)
 |  |  |     
 |  |  +- Led1_NegVal         
 |  |  |    
 |  |  +- _LINC               
 |  |  |  | 
 |  |  |  +- _ENTER_UNARY_L       (see above)
 |  |  |     
 |  |  +- _POP32               (see above)
 |  |  |  
 |  |  +- _LCMP               
 |  |  |  | 
 |  |  |  +- _ENTER_BINARY_L     
 |  |  |  |  | 
 |  |  |  |  +- _PUSH_ARGS_L         (see above)
 |  |  |  |     
 |  |  |  +- _LCMP_k_rel_j        (see above)
 |  |  |     
 |  |  +- Message_GetMsgUsedCount
 |  |  |  | 
 |  |  |  +- Portable_DisableInterrupts (see above)
 |  |  |  |  
 |  |  |  +- Queue_GetCount       (see above)
 |  |  |  |  
 |  |  |  +- Portable_EnableInterrupts (see above)
 |  |  |     
 |  |  +- Task_Sleep           (see above)
 |  |     
 |  +- FuncionTareaSemaforo
 |  |  | 
 |  |  +- Task_Sleep           (see above)
 |  |  |  
 |  |  +- Semaforo_Give       
 |  |     | 
 |  |     +- Portable_DisableInterrupts (see above)
 |  |     |  
 |  |     +- Queue_GetCount       (see above)
 |  |     |  
 |  |     +- Task_GetActualTask   (see above)
 |  |     |  
 |  |     +- Queue_Dequeue        (see above)
 |  |     |  
 |  |     +- Scheduller_SetTaskToReadyQueue (see above)
 |  |     |  
 |  |     +- Portable_EnableInterrupts (see above)
 |  |        
 |  +- FuncionTareaPong    
 |  |  | 
 |  |  +- Task_Sleep           (see above)
 |  |  |  
 |  |  +- Semaforo_Take       
 |  |  |  | 
 |  |  |  +- Portable_DisableInterrupts (see above)
 |  |  |  |  
 |  |  |  +- Task_GetActualTask   (see above)
 |  |  |  |  
 |  |  |  +- Queue_Enqueue        (see above)
 |  |  |  |  
 |  |  |  +- Portable_EnableInterrupts (see above)
 |  |  |     
 |  |  +- LCD1_Clear          
 |  |  |  | 
 |  |  |  +- LCD1_UpdateFull     
 |  |  |     | 
 |  |  |     +- SSD1306_SetPageStartAddr (see above)
 |  |  |     |  
 |  |  |     +- SSD1306_SetColStartAddr (see above)
 |  |  |     |  
 |  |  |     +- SSD1306_WriteDataBlock (see above)
 |  |  |        
 |  |  +- LCD1_DisplayOn      
 |  |  |  | 
 |  |  |  +- SSD1306_WriteCommand (see above)
 |  |  |     
 |  |  +- LCD1_UpdateFull      (see above)
 |  |  |  
 |  |  +- LCD1_PutPixel        (see above)
 |  |  |  
 |  |  +- LCD1_UpdateRegion    (see above)
 |  |  |  
 |  |  +- ADC1_Measure        
 |  |  |  | 
 |  |  |  +- ADC1_HWEnDi         
 |  |  |     | 
 |  |  |     +- ClrSumV             
 |  |  |          
 |  |  +- ADC1_GetChanValue8  
 |  |  |    
 |  |  +- Mutex_Take          
 |  |  |  | 
 |  |  |  +- Portable_DisableInterrupts (see above)
 |  |  |  |  
 |  |  |  +- Task_GetActualTask   (see above)
 |  |  |  |  
 |  |  |  +- Queue_Enqueue        (see above)
 |  |  |  |  
 |  |  |  +- Portable_EnableInterrupts (see above)
 |  |  |     
 |  |  +- Button_1_GetVal     
 |  |  |    
 |  |  +- Mutex_Give          
 |  |  |  | 
 |  |  |  +- Portable_DisableInterrupts (see above)
 |  |  |  |  
 |  |  |  +- Queue_GetCount       (see above)
 |  |  |  |  
 |  |  |  +- Task_GetActualTask   (see above)
 |  |  |  |  
 |  |  |  +- Queue_Dequeue        (see above)
 |  |  |  |  
 |  |  |  +- Scheduller_SetTaskToReadyQueue (see above)
 |  |  |  |  
 |  |  |  +- Portable_EnableInterrupts (see above)
 |  |  |     
 |  |  +- _ICMP               
 |  |       
 |  +- Semaforo_Init       
 |  |  | 
 |  |  +- Queue_Init           (see above)
 |  |     
 |  +- Mutex_Init          
 |  |  | 
 |  |  +- Queue_Init           (see above)
 |  |     
 |  +- Event_Init          
 |  |  | 
 |  |  +- Queue_Init           (see above)
 |  |     
 |  +- Message_Init        
 |  |  | 
 |  |  +- Queue_Init           (see above)
 |  |  |  
 |  |  +- _IMUL_STAR08         (see above)
 |  |  |  
 |  |  +- Queue_Enqueue        (see above)
 |  |     
 |  +- RTOS_Start          
 |     | 
 |     +- RTOS_CreateIdleTask 
 |     |  | 
 |     |  +- RTOS_IdleTask       
 |     |  |    
 |     |  +- Portable_InitTaskContext (see above)
 |     |     
 |     +- Scheduller_Coperative
 |     |  | 
 |     |  +- Task_GetActualTask   (see above)
 |     |  |  
 |     |  +- Task_CheckStack     
 |     |  |    
 |     |  +- Scheduller_SetTaskToReadyQueue (see above)
 |     |  |  
 |     |  +- Queue_GetCount       (see above)
 |     |  |  
 |     |  +- Queue_Dequeue        (see above)
 |     |  |  
 |     |  +- Task_SetActualTask  
 |     |       
 |     +- Portable_InitTickRTC
 |     |    
 |     +- Portable_RestoreManualContext
 |          
 +- _EntryPoint         
    | 
    +- _Startup            
       | 
       +- Init                
       |  | 
       |  +- loadByte            
       |       
       +- main                 (see above)
          
 _vect               
 | 
 +- Cpu_Interrupt       
 |    
 +- ISR_TimerInterrupt  
 |  | 
 |  +- Task_DecrementTimers
 |  |  | 
 |  |  +- Queue_Init           (see above)
 |  |  |  
 |  |  +- Scheduller_SetTaskToReadyQueue (see above)
 |  |  |  
 |  |  +- Queue_Enqueue        (see above)
 |  |  |  
 |  |  +- Queue_Dequeue        (see above)
 |  |  |  
 |  |  +- Queue_Copy           (see above)
 |  |     
 |  +- Scheduller_Coperative (see above)
 |     
 +- ADC1_Interrupt      
 |  | 
 |  +- ADC1_OnEnd          
 |       
 +- ISR_SoftwareInterrupt
 |  | 
 |  +- Scheduller_Coperative (see above)
 |     
 +- _EntryPoint          (see above)
    
*********************************************************************************************
STATISTIC SECTION
---------------------------------------------------------------------------------------------

ExeFile:
--------
Number of blocks to be downloaded: 6
Total size of all blocks to be downloaded: 9966

